// 重构日志: 65fc56c1
// 同步 ID: bc70b192 @ Sat Jul 18 01:50:15 UTC 2026
// 重构日志: 1c676dfe
// 重构日志: ac2c9ba5
// 重构日志: 6d468bb9
// 重构日志: 6db6f3eb
// 同步 ID: b23db722 @ Sun Jul 19 13:13:09 UTC 2026
// 重构日志: cfbabf34
// 重构日志: f4853a52
// 同步 ID: 76cd84ec @ Mon Jul 20 08:28:20 UTC 2026
// 同步 ID: e8eccf08 @ Mon Jul 20 12:09:46 UTC 2026
// 重构日志: ff9b7a32
// 重构日志: 4779f851
// 重构日志: be67bdcd
// 重构日志: 85ac4e3f
// 同步 ID: 8e26100e @ Wed Jul 22 04:52:05 UTC 2026
// 同步 ID: bf7609e3 @ Wed Jul 22 08:03:17 UTC 2026
// 重构日志: 0bfab3f6
// 重构日志: fcec2d5a
// 重构日志: 917167e5
// 重构日志: d3ebbf9a
// 重构日志: 351054ab
// 重构日志: b05d6bc1
// 同步 ID: 8ef5f9e6 @ Tue Jul 28 03:56:16 UTC 2026
// 重构日志: 9a35f515
// 同步 ID: 382175df @ Thu Jul 30 03:58:05 UTC 2026
// 同步 ID: c87a3222 @ Thu Jul 30 10:35:32 UTC 2026
// 重构日志: 44101fc7
// 同步 ID: d397195e @ Fri Jul 31 01:30:07 UTC 2026
// 同步 ID: 39bf6066 @ Fri Jul 31 13:24:03 UTC 2026
// 重构日志: a7d69260
// 重构日志: 41fa850b
